; This file was created by Lorna Evans using TECkitMappingEditorU.exe v4.0.0.0 on 7/3/2017.
;   Conversion Type = Unicode_to_from_Unicode
;   Left-hand side font = SenAjami;23.25
;   Right-hand side font = Scheherazade;23.25
;   Main Window Position = 18,0,903,979
;   Left-hand side Character Map Window Position = 921,0,457,447
;   Right-hand side Character Map Window Position = 921,447,457,447

LHSName                 "SenAjami"
RHSName                 "Arabic Unicode"
LHSDescription          "Hacked encoding for SenAjami"
RHSDescription          "Correct Unicode encoding"
Version                 "1"
Contact                 "mailto:lorna_evans@sil.org"
RegistrationAuthority   "SIL International"
RegistrationName        "SenAjami"
Copyright               "© 2017 SIL International. All rights reserved."
LHSname                "HackedArabic"
RHSname                "Arabic Unicode"

pass(Unicode)

U+0654 <> U+08FD
U+0655 <> U+08F9
U+0656 <> U+08FA
U+065A <> U+08F5
U+065D <> U+08F7
U+065E <> U+08F4

U+0678 <> U+08A8
U+067F <> U+08A1

U+0680 <> U+08A0
U+069F <> U+08A3
U+0684 <> U+08A2
U+06B6 <> U+076A
U+06ED <> U+08F6
U+0768 <> U+08A9









