
EncodingName			"Hebraica II-1997"
DescriptiveName			"Hebraica II Font encoding"
Version					"1.0"
Contact					"mailto:lorna_priest@sil.org"
RegistrationAuthority	"SIL International"
RegistrationName		"Hebraica II"

RHSFlags				(ExpectsNFD)

; 2006-05-10	LP	created (based on python scripts of Bruce Jakeway’s 
;				(bruce_jakeway@sil.org)
pass(Byte_Unicode)

ByteClass[ctl] = (0x00   .. 0x1F  )
UniClass [ctl] = (U+0000 .. U+001F)

[ctl]	<>	[ctl]

 0x20 <> U+0020     ; SPACE
; pashta or qadma?
0x21 <> U+05A8     ; HEBREW ACCENT QADMA  (previously 0599 HEBREW ACCENT PASHTA)
0x22 <> U+05B7     ; HEBREW POINT PATAH
0x23 <> U+0592     ; HEBREW ACCENT SEGOL
0x24 <> U+05AC     ; HEBREW ACCENT ILUY
0x25 <> U+0597     ; HEBREW ACCENT REVIA  (previously 05C4 HEBREW MARK UPPER DOT)
0x26 <> U+05AB     ; HEBREW ACCENT OLE
0x27 <> U+05B7     ; HEBREW POINT PATAH
0x28 <> U+05A0     ; HEBREW ACCENT TELISHA GEDOLA
0x29 <> U+05AF     ; HEBREW MARK MASORA CIRCLE
0x2A <> U+05A9     ; HEBREW ACCENT TELISHA QETANA
0x2B <> U+0594     ; HEBREW ACCENT ZAQEF QATAN
0x2C <> U+05B6     ; HEBREW POINT SEGOL
0x2D <> U+0020     ; SPACE
0x2E <> U+05C3     ; HEBREW PUNCTUATION SOF PASUQ
0x2F <> U+05D5 U+05B9     ; HEBREW LETTER VAV + HEBREW POINT HOLAM
0x30 <> U+0030     ; DIGIT ZERO
0x31 <> U+0031     ; DIGIT ONE
0x32 <> U+0032     ; DIGIT TWO
0x33 <> U+0033     ; DIGIT THREE
0x34 <> U+0034     ; DIGIT FOUR
0x35 <> U+0035     ; DIGIT FIVE
0x36 <> U+0036     ; DIGIT SIX
0x37 <> U+0037     ; DIGIT SEVEN
0x38 <> U+0038     ; DIGIT EIGHT
0x39 <> U+0039     ; DIGIT NINE
0x3A <> U+05B8     ; HEBREW POINT QAMATS
0x3B <> U+05B8     ; HEBREW POINT QAMATS
0x3C <> U+05B6     ; HEBREW POINT SEGOL
0x3D <> U+0591     ; HEBREW ACCENT ETNAHTA
0x3E <> U+003A     ; COLON
0x3F <> U+005D     ; RIGHT SQUARE BRACKET
; geresh or geresh muqdam
0x40 <> U+059D     ; HEBREW ACCENT GERESH MUQDAM  (previously 059C HEBREW ACCENT GERESH)
0x41 <> U+05BE     ; HEBREW PUNCTUATION MAQAF
0x42 <> U+05D1 U+05BC     ; HEBREW LETTER BET + HEBREW POINT DAGESH OR MAPIQ
0x43 <> U+05E9 U+05C2 U+05BC     ; HEBREW LETTER SHIN + HEBREW POINT SIN DOT + HEBREW POINT DAGESH OR MAPIQ
0x44 <> U+05D3 U+05BC     ; HEBREW LETTER DALET + HEBREW POINT DAGESH OR MAPIQ
0x45 <> U+05B5     ; HEBREW POINT TSERE
0x46 <> U+05D8 U+05BC     ; HEBREW LETTER TET + HEBREW POINT DAGESH OR MAPIQ
0x47 <> U+05D2 U+05BC     ; HEBREW LETTER GIMEL + HEBREW POINT DAGESH OR MAPIQ
0x48 <> U+05D4 U+05BC     ; HEBREW LETTER HE + HEBREW POINT DAGESH OR MAPIQ
0x49 <> U+05B4     ; HEBREW POINT HIRIQ
0x4A <> U+05DA U+05B0     ; HEBREW LETTER FINAL KAF + HEBREW POINT SHEVA
0x4B <> U+05DB U+05BC     ; HEBREW LETTER KAF + HEBREW POINT DAGESH OR MAPIQ
0x4C <> U+05DC U+05BC     ; HEBREW LETTER LAMED + HEBREW POINT DAGESH OR MAPIQ
0x4D <> U+05DE U+05BC     ; HEBREW LETTER MEM + HEBREW POINT DAGESH OR MAPIQ
0x4E <> U+05E0 U+05BC     ; HEBREW LETTER NUN + HEBREW POINT DAGESH OR MAPIQ
0x4F <> U+05B9     ; HEBREW POINT HOLAM
0x50 <> U+05E4 U+05BC     ; HEBREW LETTER PE + HEBREW POINT DAGESH OR MAPIQ
0x51 <> U+05E7 U+05BC     ; HEBREW LETTER QOF + HEBREW POINT DAGESH OR MAPIQ
0x52 <> U+05E8 U+05BC     ; HEBREW LETTER RESH + HEBREW POINT DAGESH OR MAPIQ
0x53 <> U+05E1 U+05BC     ; HEBREW LETTER SAMEKH + HEBREW POINT DAGESH OR MAPIQ
0x54 <> U+05EA U+05BC     ; HEBREW LETTER TAV + HEBREW POINT DAGESH OR MAPIQ
0x55 <> U+05BB     ; HEBREW POINT QUBUTS
0x56 <> U+05E9 U+05C1 U+05BC     ; HEBREW LETTER SHIN + HEBREW POINT SHIN DOT + HEBREW POINT DAGESH OR MAPIQ
0x57 <> U+05D5 U+05BC     ; HEBREW LETTER VAV + HEBREW POINT DAGESH OR MAPIQ
0x58 <> U+05E6 U+05BC     ; HEBREW LETTER TSADI + HEBREW POINT DAGESH OR MAPIQ
0x59 <> U+05D9 U+05BC     ; HEBREW LETTER YOD + HEBREW POINT DAGESH OR MAPIQ
0x5A <> U+05D6 U+05BC     ; HEBREW LETTER ZAYIN + HEBREW POINT DAGESH OR MAPIQ
0x5B <> U+05E2     ; HEBREW LETTER AYIN
0x5C <> U+05A6     ; HEBREW ACCENT MERKHA KEFULA
0x5D <> U+05B0     ; HEBREW POINT SHEVA
0x5E <> U+05A1     ; HEBREW ACCENT PAZER
0x5F <> U+05AF     ; HEBREW MARK MASORA CIRCLE
; tipeha or dehi?
0x60 <> U+0596     ; HEBREW ACCENT TIPEHA
0x61 <> U+05D0     ; HEBREW LETTER ALEF
0x62 <> U+05D1     ; HEBREW LETTER BET
0x63 <> U+05E9 U+05C2     ; HEBREW LETTER SHIN + HEBREW POINT SIN DOT
0x64 <> U+05D3     ; HEBREW LETTER DALET
0x65 <> U+05B5     ; HEBREW POINT TSERE
0x66 <> U+05D8     ; HEBREW LETTER TET
0x67 <> U+05D2     ; HEBREW LETTER GIMEL
0x68 <> U+05D4     ; HEBREW LETTER HE
0x69 <> U+05B4     ; HEBREW POINT HIRIQ
0x6A <> U+05D7     ; HEBREW LETTER HET
0x6B <> U+05DB     ; HEBREW LETTER KAF
0x6C <> U+05DC     ; HEBREW LETTER LAMED
0x6D <> U+05DE     ; HEBREW LETTER MEM
0x6E <> U+05E0     ; HEBREW LETTER NUN
0x6F <> U+05B9     ; HEBREW POINT HOLAM
0x70 <> U+05E4     ; HEBREW LETTER PE
0x71 <> U+05E7     ; HEBREW LETTER QOF
0x72 <> U+05E8     ; HEBREW LETTER RESH
0x73 <> U+05E1     ; HEBREW LETTER SAMEKH
0x74 <> U+05EA     ; HEBREW LETTER TAV
0x75 <> U+05BB     ; HEBREW POINT QUBUTS
0x76 <> U+05E9 U+05C1     ; HEBREW LETTER SHIN + HEBREW POINT SHIN DOT
0x77 <> U+05D5     ; HEBREW LETTER VAV
0x78 <> U+05E6     ; HEBREW LETTER TSADI
0x79 <> U+05D9     ; HEBREW LETTER YOD
0x7A <> U+05D6     ; HEBREW LETTER ZAYIN
0x7B <> U+05BC     ; HEBREW POINT DAGESH OR MAPIQ
0x7C <> U+059E     ; HEBREW ACCENT GERSHAYIM
0x7D <> U+05B2     ; HEBREW POINT HATAF PATAH
; pashta or qadma?
0x7E <> U+0599     ; HEBREW ACCENT PASHTA
0x7F <> U+007F     ; DELETE
0x80 <> U+05B2     ; HEBREW POINT HATAF PATAH
0x81 <> U+05D0 U+05BC     ; HEBREW LETTER ALEF + HEBREW POINT DAGESH OR MAPIQ
0x82 <> U+1D9C     ; MODIFIER LETTER SMALL C  (previously 0063 LATIN SMALL LETTER C (130))
0x83 <> U+05BF     ; HEBREW POINT RAFE (131)
0x84 <> U+0028     ; LEFT PARENTHESIS (132)
0x85 <> U+05B1     ; HEBREW POINT HATAF SEGOL (133)
0x86 <> U+05B3     ; HEBREW POINT HATAF QAMATS (134)
0x87 <> U+05A7     ; HEBREW ACCENT DARGA (135)
0x88 <> U+05A5     ; HEBREW ACCENT MERKHA (136)
0x89 <> U+05BD     ; HEBREW POINT METEG (137)
0x8A <> U+05AA     ; HEBREW ACCENT YERAH BEN YOMO (138)
0x8B <> U+059F     ; HEBREW ACCENT QARNEY PARA (139)
0x8C <> U+1D43     ; MODIFIER LETTER SMALL A  (previously 0061 LATIN SMALL LETTER A (140))
0x8D <> U+05E9     ; HEBREW LETTER SHIN
0x8E <> U+05A7     ; HEBREW ACCENT DARGA (142)
0x8F <> U+05A5     ; HEBREW ACCENT MERKHA
0x90 <> U+05BD     ; HEBREW POINT METEG
0x91 <> U+05AA     ; HEBREW ACCENT YERAH BEN YOMO (145)
0x92 <> U+05A7     ; HEBREW ACCENT DARGA (146)
0x93 <> U+05A5     ; HEBREW ACCENT MERKHA (147)
0x94 <> U+05BD     ; HEBREW POINT METEG (148)
0x95 <> U+05AA     ; HEBREW ACCENT YERAH BEN YOMO (149)
0x96 <> U+0029     ; RIGHT PARENTHESIS (150)
0x97 <> U+05C4     ; HEBREW MARK UPPER DOT (151)
; geresh or geresh muqdam
0x98 <> U+05F3     ; HEBREW PUNCTUATION GERESH (152)
0x99 <> U+05BD     ; HEBREW POINT METEG (153)
0x9A <> U+059B     ; HEBREW ACCENT TEVIR (154)
0x9B <> U+03B5     ; GREEK SMALL LETTER EPSILON (155)
0x9C <> U+05C4     ; HEBREW MARK UPPER DOT (156)
0x9D <> U+0027     ; APOSTROPHE
0x9E <> U+2423     ; OPEN BOX (158)
0x9F <> U+059B     ; HEBREW ACCENT TEVIR (159)
0xA0 <> U+00A0     ; NO-BREAK SPACE
0xA1 <> U+05A9     ; HEBREW ACCENT TELISHA QETANA
0xA2 <> U+05A3     ; HEBREW ACCENT MUNAH
; tipeha or dehi?
0xA3 <> U+05AD     ; HEBREW ACCENT DEHI
0xA4 <> U+05A3     ; HEBREW ACCENT MUNAH
0xA5 <> U+05A4     ; HEBREW ACCENT MAHAPAKH
0xA6 <> U+05A4     ; HEBREW ACCENT MAHAPAKH
0xA7 <> U+03C3     ; GREEK SMALL LETTER SIGMA
0xA8 <> U+002A     ; ASTERISK
0xA9 <> U+1D50A     ;  MATHEMATICAL FRAKTUR CAPITAL G  (previously 2423 OPEN BOX)
; tipeha or dehi?
0xAA <> U+0596     ; HEBREW ACCENT TIPEHA  (previously 05AD HEBREW ACCENT DEHI)
0xAB <> U+05B5     ; HEBREW POINT TSERE
0xAC <> U+05BB     ; HEBREW POINT QUBUTS
0xAD <> U+0591     ; HEBREW ACCENT ETNAHTA
0xAE <> U+05B7     ; HEBREW POINT PATAH
0xAF <> U+0595     ; HEBREW ACCENT ZAQEF GADOL
0xB0 <> U+05A3     ; HEBREW ACCENT MUNAH
0xB1 <> U+0594     ; HEBREW ACCENT ZAQEF QATAN
0xB2 <> U+05B6     ; HEBREW POINT SEGOL
0xB3 <> U+002E     ; FULL STOP
0xB4 <> U+2020     ; DAGGER
0xB5 <> U+05DD     ; HEBREW LETTER FINAL MEM
0xB6 <> U+00B6     ; PILCROW SIGN
0xB7 <> U+00B7     ; MIDDLE DOT  (previously 0387 GREEK ANO TELEIA)
0xB8 <> U+05E3 U+05BC     ; HEBREW LETTER FINAL PE + HEBREW POINT DAGESH OR MAPIQ
0xB9 <> U+05E3     ; HEBREW LETTER FINAL PE
0xBA <> U+1D47     ; MODIFIER LETTER SMALL B  (previously 0062 LATIN SMALL LETTER B)
0xBB <> U+05A4     ; HEBREW ACCENT MAHAPAKH
0xBC <> U+05A4     ; HEBREW ACCENT MAHAPAKH
0xBD <> U+1D518     ; MATHEMATICAL FRAKTUR CAPITAL U  (previously 2423 OPEN BOX)
0xBE <> U+05B7     ; HEBREW POINT PATAH
0xBF <> U+05B9     ; HEBREW POINT HOLAM
0xC0 <> U+005B     ; LEFT SQUARE BRACKET
; tipeha or dehi?
0xC1 <> U+0596     ; HEBREW ACCENT TIPEHA  (previously 05AD HEBREW ACCENT DEHI)
0xC2 <> U+004C     ; LATIN CAPITAL LETTER L
0xC3 <> U+003E     ; GREATER-THAN SIGN  (be careful, as greater-than and less-than signs are bidirectional aware)
; Should be superscript
0xC4 <> U+1D48     ; MODIFIER LETTER SMALL D  (previously 0064 LATIN SMALL LETTER D)
0xC5 <> U+05E5     ; HEBREW LETTER FINAL TSADI
0xC6 <> U+05DA U+05B7     ; HEBREW LETTER FINAL KAF + HEBREW POINT PATAH
0xC7 <> U+05A6     ; HEBREW ACCENT MERKHA KEFULA
0xC8 <> U+059E     ; HEBREW ACCENT GERSHAYIM
0xC9 <> U+05B8     ; HEBREW POINT QAMATS
0xCA <> U+007C     ; VERTICAL BAR
0xCB <> U+03B1     ; GREEK SMALL LETTER ALPHA
; Inverted nun: found in Numbers 10:35-36 and Psalm 107
0xCC <> U+05C9     ; HEBREW PUNCTUATION NUN HAFUKHA  (previously 05E0 HEBREW LETTER NUN)
; Should be superscript
0xCD <> U+1D49     ; MODIFIER LETTER SMALL E  (previously 0065 LATIN SMALL LETTER E)
0xCE <> U+1D514     ; MATHEMATICAL FRAKTUR CAPITAL Q  (previously 211A DOUBLE-STRUCK CAPITAL Q)
0xCF <> U+0051     ; LATIN CAPITAL LETTER Q
0xD0 <> U+0591     ; HEBREW ACCENT ETNAHTA
0xD1 <> U+05AF     ; HEBREW MARK MASORA CIRCLE
0xD2 <> U+05B0     ; HEBREW POINT SHEVA
0xD3 <> U+0593     ; HEBREW ACCENT SHALSHELET
0xD4 <> U+05B1     ; HEBREW POINT HATAF SEGOL
0xD5 <> U+05B3     ; HEBREW POINT HATAF QAMATS
0xD6 <> U+002F     ; SOLIDUS
0xD7 <> U+1D519     ; MATHEMATICAL FRAKTUR CAPITAL V  (previously 2423 OPEN BOX)
0xD8 <> U+059B     ; HEBREW ACCENT TEVIR
; pashta or qadma?
0xD9 <> U+05A8     ; HEBREW ACCENT QADMA
; geresh or geresh muqdam
0xDA <> U+059C     ; HEBREW ACCENT GERESH
; geresh or geresh muqdam
0xDB <> U+059D     ; HEBREW ACCENT GERESH MUQDAM
0xDC <> U+0592     ; HEBREW ACCENT SEGOL
0xDD <> U+05AC     ; HEBREW ACCENT ILUY
0xDE <> U+05C4     ; HEBREW MARK UPPER DOT
0xDF <> U+05A1     ; HEBREW ACCENT PAZER
0xE0 <> U+05AB     ; HEBREW ACCENT OLE
0xE1 <> U+05A0     ; HEBREW ACCENT TELISHA GEDOLA
0xE2 <> U+05AF     ; HEBREW MARK MASORA CIRCLE
; unrecognisable
0xE3 <> U+2423     ; OPEN BOX
0xE4 <> U+0021     ; EXCLAMATION MARK
0xE5 <> U+1D510     ; MATHEMATICAL FRAKTUR CAPITAL M  (previously 2423 OPEN BOX)
0xE6 <> U+0332     ; COMBINING LOW LINE
0xE7 <> U+03B8     ; GREEK SMALL LETTER THETA
0xE8 <> U+212D     ; BLACK-LETTER CAPITAL C  (previously 2102 DOUBLE-STRUCK CAPITAL C)
; Not exactly
0xE9 <> U+002C     ; COMMA
; script letter S
0xEA <> U+1D516     ; MATHEMATICAL FRAKTUR CAPITAL S  (previously 2423 OPEN BOX)
0xEB <> U+002D     ; HYPHEN-MINUS
0xEC <> U+003F     ; QUESTION MARK
0xED <> U+05AE     ; HEBREW ACCENT ZINOR
0xEE <> U+1D50E     ; MATHEMATICAL FRAKTUR CAPITAL K  (previously 2423 OPEN BOX)
0xEF <> U+05DA U+05B5     ; HEBREW LETTER FINAL KAF + HEBREW POINT TSERE
0xF0 <> U+05DA U+05BC     ; HEBREW LETTER FINAL KAF + HEBREW POINT DAGESH OR MAPIQ
0xF1 <> U+1D40F     ; MATHEMATICAL FRAKTUR CAPITAL L  (previously 2112 SCRIPT CAPITAL L)
0xF2 <> U+05DA U+05B8     ; HEBREW LETTER FINAL KAF + HEBREW POINT QAMATS
0xF3 <> U+05C0     ; HEBREW PUNCTUATION PASEQ
0xF4 <> U+05AE     ; HEBREW ACCENT ZINOR
0xF5 <> U+1D505     ; MATHEMATICAL FRAKTUR CAPITAL B  (previously 2423 OPEN BOX)
0xF6 <> U+0595     ; HEBREW ACCENT ZAQEF GADOL
0xF7 <> U+05DF     ; HEBREW LETTER FINAL NUN
0xF8 <> U+05DA U+05B6     ; HEBREW LETTER FINAL KAF + HEBREW POINT SEGOL
0xF9 <> U+003B     ; SEMICOLON
0xFA <> U+004B     ; LATIN CAPITAL LETTER K
0xFB <> U+05DA     ; HEBREW LETTER FINAL KAF
0xFC <> U+1D518 U+0308     ; MATHEMATICAL FRAKTUR CAPITAL U + COMBINING DIARESIS  (previously 2423 OPEN BOX)
;  0xFD' : ''
0xFE <> U+00D7     ; MULTIPLICATION SIGN
0xFF <> U+1D517     ; MATHEMATICAL FRAKTUR CAPITAL T  (previously 2423 OPEN BOX)

