EncodingName "Tai Viet PUA to Unicode"
DescriptiveName "Convert Tai Viet PUA codepoints to TV Unicode codepoints"
Version "1"
Contact "mailto:jim_brase@sil.org"
RegistrationAuthority "SIL International"
RegistrationName "SIL Tai Viet PUA to Unicode"
Copyright "(c)2009 SIL International"


pass (Unicode)
U+E000  <>  U+AA80    ; TAI VIET LETTER LOW KO 
U+E001  <>  U+AA81    ; TAI VIET LETTER HIGH KO 
U+E002  <>  U+AA82    ; TAI VIET LETTER LOW KHO 
U+E003  <>  U+AA83    ; TAI VIET LETTER HIGH KHO 
U+E004  <>  U+AA84    ; TAI VIET LETTER LOW KHHO 
U+E005  <>  U+AA85    ; TAI VIET LETTER HIGH KHHO 
U+E006  <>  U+AA86    ; TAI VIET LETTER LOW GO 
U+E007  <>  U+AA87    ; TAI VIET LETTER HIGH GO 
U+E008  <>  U+AA88    ; TAI VIET LETTER LOW NGO 
U+E009  <>  U+AA89    ; TAI VIET LETTER HIGH NGO 
U+E00A  <>  U+AA8A    ; TAI VIET LETTER LOW CO 
U+E00B  <>  U+AA8B    ; TAI VIET LETTER HIGH CO 
U+E00C  <>  U+AA8C    ; TAI VIET LETTER LOW CHO 
U+E00D  <>  U+AA8D    ; TAI VIET LETTER HIGH CHO 
U+E00E  <>  U+AA8E    ; TAI VIET LETTER LOW SO 
U+E00F  <>  U+AA8F    ; TAI VIET LETTER HIGH SO 
U+E010  <>  U+AA90    ; TAI VIET LETTER LOW NYO 
U+E011  <>  U+AA91    ; TAI VIET LETTER HIGH NYO 
U+E012  <>  U+AA92    ; TAI VIET LETTER LOW DO 
U+E013  <>  U+AA93    ; TAI VIET LETTER HIGH DO 
U+E014  <>  U+AA94    ; TAI VIET LETTER LOW TO 
U+E015  <>  U+AA95    ; TAI VIET LETTER HIGH TO 
U+E016  <>  U+AA96    ; TAI VIET LETTER LOW THO 
U+E017  <>  U+AA97    ; TAI VIET LETTER HIGH THO 
U+E018  <>  U+AA98    ; TAI VIET LETTER LOW NO 
U+E019  <>  U+AA99    ; TAI VIET LETTER HIGH NO 
U+E01A  <>  U+AA9A    ; TAI VIET LETTER LOW BO 
U+E01B  <>  U+AA9B    ; TAI VIET LETTER HIGH BO 
U+E01C  <>  U+AA9C    ; TAI VIET LETTER LOW PO 
U+E01D  <>  U+AA9D    ; TAI VIET LETTER HIGH PO 
U+E01E  <>  U+AA9E    ; TAI VIET LETTER LOW PHO 
U+E01F  <>  U+AA9F    ; TAI VIET LETTER HIGH PHO 
U+E020  <>  U+AAA0    ; TAI VIET LETTER LOW FO 
U+E021  <>  U+AAA1    ; TAI VIET LETTER HIGH FO 
U+E022  <>  U+AAA2    ; TAI VIET LETTER LOW MO 
U+E023  <>  U+AAA3    ; TAI VIET LETTER HIGH MO 
U+E024  <>  U+AAA4    ; TAI VIET LETTER LOW YO 
U+E025  <>  U+AAA5    ; TAI VIET LETTER HIGH YO 
U+E026  <>  U+AAA6    ; TAI VIET LETTER LOW RO 
U+E027  <>  U+AAA7    ; TAI VIET LETTER HIGH RO 
U+E028  <>  U+AAA8    ; TAI VIET LETTER LOW LO 
U+E029  <>  U+AAA9    ; TAI VIET LETTER HIGH LO 
U+E02A  <>  U+AAAA    ; TAI VIET LETTER LOW VO 
U+E02B  <>  U+AAAB    ; TAI VIET LETTER HIGH VO 
U+E02C  <>  U+AAAC    ; TAI VIET LETTER LOW HO 
U+E02D  <>  U+AAAD    ; TAI VIET LETTER HIGH HO 
U+E02E  <>  U+AAAE    ; TAI VIET LETTER LOW O 
U+E02F  <>  U+AAAF    ; TAI VIET LETTER HIGH O 
U+E030  <>  U+AAB0    ; TAI VIET MAI KANG
U+E031  <>  U+AAB1    ; TAI VIET VOWEL U+AA
U+E033  <>  U+AAB2    ; TAI VIET VOWEL I
U+E034  <>  U+AAB3    ; TAI VIET VOWEL UE
U+E035  <>  U+AAB4    ; TAI VIET VOWEL U
U+E036  <>  U+AAB5    ; TAI VIET VOWEL E
U+E037  <>  U+AAB6    ; TAI VIET VOWEL O
U+E038  <>  U+AAB7    ; TAI VIET MAI KHIT
U+E039  <>  U+AAB8    ; TAI VIET VOWEL IA
U+E03A  <>  U+AAB9    ; TAI VIET VOWEL UEA
U+E03B  <>  U+AABA    ; TAI VIET VOWEL UA
U+E03C  <>  U+AABB    ; TAI VIET VOWEL AUE
U+E03D  <>  U+AABC    ; TAI VIET VOWEL AY
U+E03E  <>  U+AABD    ; TAI VIET VOWEL AN
U+E03F  <>  U+AABE    ; TAI VIET VOWEL AM
U+E040  <>  U+AABF    ; TAI VIET TONE MAI EK
U+E041  <>  U+AAC0    ; TAI VIET TONE MAI NUENG
U+E042  <>  U+AAC1    ; TAI VIET TONE MAI THO
U+E043  <>  U+AAC2    ; TAI VIET TONE MAI SONG
U+E044  <>  U+AADB    ; TAI VIET SYMBOL KON
U+E045  <>  U+AADC    ; TAI VIET SYMBOL NUENG
U+E046  <>  U+AADD    ; TAI VIET SYMBOL SAM
U+E07D  <>  U+AADE    ; TAI VIET SYMBOL HO HOI
U+E04A  <>  U+AADE    ; alternate/abbreviated glyph for HO HOI
U+E07E  <>  U+AADF    ; TAI VIET SYMBOL KOI KOI

; U+E032  <>  ''    ; TAI VIET VOWEL U+AA WITH CIRCUMFLEX -- remains a PUA character; don't convert
; U+E047  <>  ''    ; TAI VIET VOWEL UEA WITH CIRCUMFLEX -- competitor/alternate to U+E032; remains a PUA character; don't convert
