; This file was edited using TECkitMappingEditorU.exe v3.1.0.0 on 12/8/2010.
;   Conversion Type = Unicode_to_from_Unicode
;   Left-hand side font = Arial Unicode MS;11.25
;   Right-hand side font = Arial Unicode MS;11.25
;   Main Window Position = 10,311,658,712
;   Left-hand side Character Map Window Position = 658,0,457,446
;   Right-hand side Character Map Window Position = 658,446,457,446

; %%%%%%%%%%%%%%%%%%%%%%%%%%%%%%
; LP: modified for TECkit
; Ethiopic (Konso) encoding for Omega
; created by Lorna Priest
; 31 May 2000
;
; %%%%%%%%%%%%%%%%%%%%%%%%%%%%%%

EncodingName	"SIL-KonsoLatn-to-Ethiopic"
DescriptiveName	"Konso Latin to Ethiopic "

LHSName   "Unicode latin"
RHSName "Unicode Ethiopic"
Contact  "lorna_priest@sil.org"
LHSFlags (ExpectsNFC GeneratesNFC)
RHSFlags ()

pass (Unicode)

UniClass [digit] = ( 0x0030 .. 0x0039 )
UniClass	[CTL] =	( 0x0000 .. 0x001f 0x007f )

[CTL]	<>	[CTL]

[digit] <> [digit]

'.' 	<> ethiopic_full_stop
',' 	<> ethiopic_colon
; ',' <> ethiopic_comma
';' 	<> ethiopic_semicolon
':' 	<> ethiopic_wordspace
':-' 	<> ethiopic_preface_colon
'??' 	<> ethiopic_question_mark
'?' 	<> question_mark
'@' 	<> full_stop		; roman full stop
'<<' 	<> left_pointing_double_angle_quotation_mark
'>>' 	<> right_pointing_double_angle_quotation_mark
'<' 	<> single_left_pointing_angle_quotation_mark
'>' 	<> single_right_pointing_angle_quotation_mark
"\x*"  <> "\x*"
"\f*"  <> "\f*"
"/ddag"	<>    U+2021   ;
"/dag"	<>    U+2020   ;
"/g"	<>    U+E309   ;
"(c)"	<>    U+00A9	;
"(C)"	<>    U+00A9	;
"~H~Haa"	<>	U+12BB	;
"~Haa"	<>	U+12BB	;
"~H~Ha"	<>	U+12B8	;
"~Ha"	<>	U+12B8	;
"~H~Huu"	<>	U+12B9	;
"~Huu"	<>	U+12B9	;
"~H~Hu"	<>	U+12B9	;
"~Hu"	<>	U+12B9	;
"~H~Hii"	<>	U+12BA	;
"~Hii"	<>	U+12BA	;
"~H~Hee"	<>	U+12BC	;
"~Hee"	<>	U+12BC	;
"~H~He"	<>	U+12BC	;
"~He"	<>	U+12BC	;
"~H~Hoo"	<>	U+12BE	;
"~Hoo"	<>	U+12BE	;
"~H~Ho"	<>	U+12BE	;
"~Ho"	<>	U+12BE	;
"~H~Hi"	<>	U+12BD	;
"~Hi"	<>	U+12BD	;
"~H~H"	<>	U+12BD	;
"~H"	<>	U+12BD	;
"^h^haa"	<>	U+1283	;
"^haa"	<>	U+1283	;
"^h^ha"	<>	U+1280	;
"^ha"	<>	U+1280	;
"^h^huu"	<>	U+1281	;
"^huu"	<>	U+1281	;
"^h^hu"	<>	U+1281	;
"^hu"	<>	U+1281	;
"^h^hii"	<>	U+1282	;
"^hii"	<>	U+1282	;
"^h^hee"	<>	U+1284	;
"^hee"	<>	U+1284	;
"^h^he"	<>	U+1284	;
"^he"	<>	U+1284	;
"^h^hoo"	<>	U+1286	;
"^hoo"	<>	U+1286	;
"^h^ho"	<>	U+1286	;
"^ho"	<>	U+1286	;
"^h^hi"	<>	U+1285	;
"^hi"	<>	U+1285	;
"^h^h"	<>	U+1285	;
"^h"	<>	U+1285	;
"^S^Saa"	<>	U+133B	;
"^Saa"	<>	U+133B	;
"^S^Sa"	<>	U+1338	;
"^Sa"	<>	U+1338	;
"^S^Suu"	<>	U+1339	;
"^Suu"	<>	U+1339	;
"^S^Su"	<>	U+1339	;
"^Su"	<>	U+1339	;
"^S^Sii"	<>	U+133A	;
"^Sii"	<>	U+133A	;
"^S^See"	<>	U+133C	;
"^See"	<>	U+133C	;
"^S^Se"	<>	U+133C	;
"^Se"	<>	U+133C	;
"^S^Soo"	<>	U+133E	;
"^Soo"	<>	U+133E	;
"^S^So"	<>	U+133E	;
"^So"	<>	U+133E	;
"^S^Si"	<>	U+133D	;
"^Si"	<>	U+133D	;
"^S^S"	<>	U+133D	;
"^S"	<>	U+133D	;
"^t^taa"	<>	U+1343	;
"^taa"	<>	U+1343	;
"^t^ta"	<>	U+1340	;
"^ta"	<>	U+1340	;
"^t^tuu"	<>	U+1341	;
"^tuu"	<>	U+1341	;
"^t^tu"	<>	U+1341	;
"^tu"	<>	U+1341	;
"^t^tii"	<>	U+1342	;
"^tii"	<>	U+1342	;
"^t^tee"	<>	U+1344	;
"^tee"	<>	U+1344	;
"^t^te"	<>	U+1344	;
"^te"	<>	U+1344	;
"^t^too"	<>	U+1346	;
"^too"	<>	U+1346	;
"^t^to"	<>	U+1346	;
"^to"	<>	U+1346	;
"^t^ti"	<>	U+1345	;
"^ti"	<>	U+1345	;
"^t^t"	<>	U+1345	;
"^t"	<>	U+1345	;
"hhaa"	<>	U+1203	;
"haa"	<>	U+1203	;
"hha"	<>	U+1200	;
"ha"	<>	U+1200	;
"hhuu"	<>	U+1201	;
"huu"	<>	U+1201	;
"hhu"	<>	U+1201	;
"hu"	<>	U+1201	;
"hhii"	<>	U+1202	;
"hii"	<>	U+1202	;
"hhee"	<>	U+1204	;
"hee"	<>	U+1204	;
"hhe"	<>	U+1204	;
"he"	<>	U+1204	;
"hhoo"	<>	U+1206	;
"hoo"	<>	U+1206	;
"hho"	<>	U+1206	;
"ho"	<>	U+1206	;
"hhi"	<>	U+1205	;
"hi"	<>	U+1205	;
"hh"	<>	U+1205	;
"h"	<>	U+1205	;
"llaa"	<>	U+120B	;
"laa"	<>	U+120B	;
"lla"	<>	U+1208	;
"la"	<>	U+1208	;
"lluu"	<>	U+1209	;
"luu"	<>	U+1209	;
"llu"	<>	U+1209	;
"lu"	<>	U+1209	;
"llii"	<>	U+120A	;
"lii"	<>	U+120A	;
"llee"	<>	U+120C	;
"lee"	<>	U+120C	;
"lle"	<>	U+120C	;
"le"	<>	U+120C	;
"lloo"	<>	U+120E	;
"loo"	<>	U+120E	;
"llo"	<>	U+120E	;
"lo"	<>	U+120E	;
"lli"	<>	U+120D	;
"li"	<>	U+120D	;
"ll"	<>	U+120D	;
"l"	<>	U+120D	;
"HHaa"	<>	U+1213	;
"Haa"	<>	U+1213	;
"HHa"	<>	U+1210	;
"Ha"	<>	U+1210	;
"HHuu"	<>	U+1211	;
"Huu"	<>	U+1211	;
"HHu"	<>	U+1211	;
"Hu"	<>	U+1211	;
"HHii"	<>	U+1212	;
"Hii"	<>	U+1212	;
"HHee"	<>	U+1214	;
"Hee"	<>	U+1214	;
"HHe"	<>	U+1214	;
"He"	<>	U+1214	;
"HHoo"	<>	U+1216	;
"Hoo"	<>	U+1216	;
"HHo"	<>	U+1216	;
"Ho"	<>	U+1216	;
"HHi"	<>	U+1215	;
"Hi"	<>	U+1215	;
"HH"	<>	U+1215	;
"H"	<>	U+1215	;
"mmaa"	<>	U+121B	;
"maa"	<>	U+121B	;
"mma"	<>	U+1218	;
"ma"	<>	U+1218	;
"mmuu"	<>	U+1219	;
"muu"	<>	U+1219	;
"mmu"	<>	U+1219	;
"mu"	<>	U+1219	;
"mmii"	<>	U+121A	;
"mii"	<>	U+121A	;
"mmee"	<>	U+121C	;
"mee"	<>	U+121C	;
"mme"	<>	U+121C	;
"me"	<>	U+121C	;
"mmoo"	<>	U+121E	;
"moo"	<>	U+121E	;
"mmo"	<>	U+121E	;
"mo"	<>	U+121E	;
"mmi"	<>	U+121D	;
"mi"	<>	U+121D	;
"mm"	<>	U+121D	;
"m"	<>	U+121D	;
"rraa"	<>	U+122B	;
"raa"	<>	U+122B	;
"rra"	<>	U+1228	;
"ra"	<>	U+1228	;
"rruu"	<>	U+1229	;
"ruu"	<>	U+1229	;
"rru"	<>	U+1229	;
"ru"	<>	U+1229	;
"rrii"	<>	U+122A	;
"rii"	<>	U+122A	;
"rree"	<>	U+122C	;
"ree"	<>	U+122C	;
"rre"	<>	U+122C	;
"re"	<>	U+122C	;
"rroo"	<>	U+122E	;
"roo"	<>	U+122E	;
"rro"	<>	U+122E	;
"ro"	<>	U+122E	;
"rri"	<>	U+122D	;
"ri"	<>	U+122D	;
"rr"	<>	U+122D	;
"r"	<>	U+122D	;
"SSaa"	<>	U+123B	;
"Saa"	<>	U+123B	;
"SSa"	<>	U+1238	;
"Sa"	<>	U+1238	;
"SSuu"	<>	U+1239	;
"Suu"	<>	U+1239	;
"SSu"	<>	U+1239	;
"Su"	<>	U+1239	;
"SSii"	<>	U+123A	;
"Sii"	<>	U+123A	;
"SSee"	<>	U+123C	;
"See"	<>	U+123C	;
"SSe"	<>	U+123C	;
"Se"	<>	U+123C	;
"SSoo"	<>	U+123E	;
"Soo"	<>	U+123E	;
"SSo"	<>	U+123E	;
"So"	<>	U+123E	;
"SSi"	<>	U+123D	;
"Si"	<>	U+123D	;
"SS"	<>	U+123D	;
"S"	<>	U+123D	;
"KKaa"	<>	U+1243	;
"Kaa"	<>	U+1243	;
"KKa"	<>	U+1240	;
"Ka"	<>	U+1240	;
"KKuu"	<>	U+1241	;
"Kuu"	<>	U+1241	;
"KKu"	<>	U+1241	;
"Ku"	<>	U+1241	;
"KKii"	<>	U+1242	;
"Kii"	<>	U+1242	;
"KKee"	<>	U+1244	;
"Kee"	<>	U+1244	;
"KKe"	<>	U+1244	;
"Ke"	<>	U+1244	;
"KKoo"	<>	U+1246	;
"Koo"	<>	U+1246	;
"KKo"	<>	U+1246	;
"Ko"	<>	U+1246	;
"KKi"	<>	U+1245	;
"Ki"	<>	U+1245	;
"KK"	<>	U+1245	;
"K"	<>	U+1245	;
"ccaa"	<>	U+127B	;
"caa"	<>	U+127B	;
"cca"	<>	U+1278	;
"ca"	<>	U+1278	;
"ccuu"	<>	U+1279	;
"cuu"	<>	U+1279	;
"ccu"	<>	U+1279	;
"cu"	<>	U+1279	;
"ccii"	<>	U+127A	;
"cii"	<>	U+127A	;
"ccee"	<>	U+127C	;
"cee"	<>	U+127C	;
"cce"	<>	U+127C	;
"ce"	<>	U+127C	;
"ccoo"	<>	U+127E	;
"coo"	<>	U+127E	;
"cco"	<>	U+127E	;
"co"	<>	U+127E	;
"cci"	<>	U+127D	;
"ci"	<>	U+127D	;
"cc"	<>	U+127D	;
"c"	<>	U+127D	;
"nnaa"	<>	U+1293	;
"naa"	<>	U+1293	;
"nna"	<>	U+1290	;
"na"	<>	U+1290	;
"nnuu"	<>	U+1291	;
"nuu"	<>	U+1291	;
"nnu"	<>	U+1291	;
"nu"	<>	U+1291	;
"nnii"	<>	U+1292	;
"nii"	<>	U+1292	;
"nnee"	<>	U+1294	;
"nee"	<>	U+1294	;
"nne"	<>	U+1294	;
"ne"	<>	U+1294	;
"nnoo"	<>	U+1296	;
"noo"	<>	U+1296	;
"nno"	<>	U+1296	;
"no"	<>	U+1296	;
"nni"	<>	U+1295	;
"ni"	<>	U+1295	;
"nn"	<>	U+1295	;
"n"	<>	U+1295	;
"NNaa"	<>	U+129B	;
"Naa"	<>	U+129B	;
"NNa"	<>	U+1298	;
"Na"	<>	U+1298	;
"NNuu"	<>	U+1299	;
"Nuu"	<>	U+1299	;
"NNu"	<>	U+1299	;
"Nu"	<>	U+1299	;
"NNii"	<>	U+129A	;
"Nii"	<>	U+129A	;
"NNee"	<>	U+129C	;
"Nee"	<>	U+129C	;
"NNe"	<>	U+129C	;
"Ne"	<>	U+129C	;
"NNoo"	<>	U+129E	;
"Noo"	<>	U+129E	;
"NNo"	<>	U+129E	;
"No"	<>	U+129E	;
"NNi"	<>	U+129D	;
"Ni"	<>	U+129D	;
"NN"	<>	U+129D	;
"N"	<>	U+129D	;
"xxaa"	<>	U+12A3	;
"xaa"	<>	U+12A3	;
"xxa"	<>	U+12A0	;
"xa"	<>	U+12A0	;
"xxuu"	<>	U+12A1	;
"xuu"	<>	U+12A1	;
"xxu"	<>	U+12A1	;
"xu"	<>	U+12A1	;
"xxii"	<>	U+12A2	;
"xii"	<>	U+12A2	;
"xxee"	<>	U+12A4	;
"xee"	<>	U+12A4	;
"xxe"	<>	U+12A4	;
"xe"	<>	U+12A4	;
"xxoo"	<>	U+12A6	;
"xoo"	<>	U+12A6	;
"xxo"	<>	U+12A6	;
"xo"	<>	U+12A6	;
"xxi"	<>	U+12A5	;
"xi"	<>	U+12A5	;
"xx"	<>	U+12A5	;
"x"	<>	U+12A5	;
"kkaa"	<>	U+12AB	;
"kaa"	<>	U+12AB	;
"kka"	<>	U+12A8	;
"ka"	<>	U+12A8	;
"kkuu"	<>	U+12A9	;
"kuu"	<>	U+12A9	;
"kku"	<>	U+12A9	;
"ku"	<>	U+12A9	;
"kkii"	<>	U+12AA	;
"kii"	<>	U+12AA	;
"kkee"	<>	U+12AC	;
"kee"	<>	U+12AC	;
"kke"	<>	U+12AC	;
"ke"	<>	U+12AC	;
"kkoo"	<>	U+12AE	;
"koo"	<>	U+12AE	;
"kko"	<>	U+12AE	;
"ko"	<>	U+12AE	;
"kki"	<>	U+12AD	;
"ki"	<>	U+12AD	;
"kk"	<>	U+12AD	;
"k"	<>	U+12AD	;
"wwaa"	<>	U+12CB	;
"waa"	<>	U+12CB	;
"wwa"	<>	U+12C8	;
"wa"	<>	U+12C8	;
"wwuu"	<>	U+12C9	;
"wuu"	<>	U+12C9	;
"wwu"	<>	U+12C9	;
"wu"	<>	U+12C9	;
"wwii"	<>	U+12CA	;
"wii"	<>	U+12CA	;
"wwee"	<>	U+12CC	;
"wee"	<>	U+12CC	;
"wwe"	<>	U+12CC	;
"we"	<>	U+12CC	;
"wwoo"	<>	U+12CE	;
"woo"	<>	U+12CE	;
"wwo"	<>	U+12CE	;
"wo"	<>	U+12CE	;
"wwi"	<>	U+12CD	;
"wi"	<>	U+12CD	;
"ww"	<>	U+12CD	;
"w"	<>	U+12CD	;
"&&aa"	<>	U+12D3	;
"&aa"	<>	U+12D3	;
"&&a"	<>	U+12D0	;
"&a"	<>	U+12D0	;
"&&uu"	<>	U+12D1	;
"&uu"	<>	U+12D1	;
"&&u"	<>	U+12D1	;
"&u"	<>	U+12D1	;
"&&ii"	<>	U+12D2	;
"&ii"	<>	U+12D2	;
"&&ee"	<>	U+12D4	;
"&ee"	<>	U+12D4	;
"&&e"	<>	U+12D4	;
"&e"	<>	U+12D4	;
"&&oo"	<>	U+12D6	;
"&oo"	<>	U+12D6	;
"&&o"	<>	U+12D6	;
"&o"	<>	U+12D6	;
"&&i"	<>	U+12D5	;
"&i"	<>	U+12D5	;
"&&"	<>	U+12D5	;
"&"	<>	U+12D5	;
"zzaa"	<>	U+12DB	;
"zaa"	<>	U+12DB	;
"zza"	<>	U+12D8	;
"za"	<>	U+12D8	;
"zzuu"	<>	U+12D9	;
"zuu"	<>	U+12D9	;
"zzu"	<>	U+12D9	;
"zu"	<>	U+12D9	;
"zzii"	<>	U+12DA	;
"zii"	<>	U+12DA	;
"zzee"	<>	U+12DC	;
"zee"	<>	U+12DC	;
"zze"	<>	U+12DC	;
"ze"	<>	U+12DC	;
"zzoo"	<>	U+12DE	;
"zoo"	<>	U+12DE	;
"zzo"	<>	U+12DE	;
"zo"	<>	U+12DE	;
"zzi"	<>	U+12DD	;
"zi"	<>	U+12DD	;
"zz"	<>	U+12DD	;
"z"	<>	U+12DD	;
"ZZaa"	<>	U+12E3	;
"Zaa"	<>	U+12E3	;
"ZZa"	<>	U+12E0	;
"Za"	<>	U+12E0	;
"ZZuu"	<>	U+12E1	;
"Zuu"	<>	U+12E1	;
"ZZu"	<>	U+12E1	;
"Zu"	<>	U+12E1	;
"ZZii"	<>	U+12E2	;
"Zii"	<>	U+12E2	;
"ZZee"	<>	U+12E4	;
"Zee"	<>	U+12E4	;
"ZZe"	<>	U+12E4	;
"Ze"	<>	U+12E4	;
"ZZoo"	<>	U+12E6	;
"Zoo"	<>	U+12E6	;
"ZZo"	<>	U+12E6	;
"Zo"	<>	U+12E6	;
"ZZi"	<>	U+12E5	;
"Zi"	<>	U+12E5	;
"ZZ"	<>	U+12E5	;
"Z"	<>	U+12E5	;
"yyaa"	<>	U+12EB	;
"yaa"	<>	U+12EB	;
"yya"	<>	U+12E8	;
"ya"	<>	U+12E8	;
"yyuu"	<>	U+12E9	;
"yuu"	<>	U+12E9	;
"yyu"	<>	U+12E9	;
"yu"	<>	U+12E9	;
"yyii"	<>	U+12EA	;
"yii"	<>	U+12EA	;
"yyee"	<>	U+12EC	;
"yee"	<>	U+12EC	;
"yye"	<>	U+12EC	;
"ye"	<>	U+12EC	;
"yyoo"	<>	U+12EE	;
"yoo"	<>	U+12EE	;
"yyo"	<>	U+12EE	;
"yo"	<>	U+12EE	;
"yyi"	<>	U+12ED	;
"yi"	<>	U+12ED	;
"yy"	<>	U+12ED	;
"y"	<>	U+12ED	;
"ddaa"	<>	U+12F3	;
"daa"	<>	U+12F3	;
"dda"	<>	U+12F0	;
"da"	<>	U+12F0	;
"dduu"	<>	U+12F1	;
"duu"	<>	U+12F1	;
"ddu"	<>	U+12F1	;
"du"	<>	U+12F1	;
"ddii"	<>	U+12F2	;
"dii"	<>	U+12F2	;
"ddee"	<>	U+12F4	;
"dee"	<>	U+12F4	;
"dde"	<>	U+12F4	;
"de"	<>	U+12F4	;
"ddoo"	<>	U+12F6	;
"doo"	<>	U+12F6	;
"ddo"	<>	U+12F6	;
"do"	<>	U+12F6	;
"ddi"	<>	U+12F5	;
"di"	<>	U+12F5	;
"dd"	<>	U+12F5	;
"d"	<>	U+12F5	;
"ggaa"	<>	U+130B	;
"gaa"	<>	U+130B	;
"gga"	<>	U+1308	;
"ga"	<>	U+1308	;
"gguu"	<>	U+1309	;
"guu"	<>	U+1309	;
"ggu"	<>	U+1309	;
"gu"	<>	U+1309	;
"ggii"	<>	U+130A	;
"gii"	<>	U+130A	;
"ggee"	<>	U+130C	;
"gee"	<>	U+130C	;
"gge"	<>	U+130C	;
"ge"	<>	U+130C	;
"ggoo"	<>	U+130E	;
"goo"	<>	U+130E	;
"ggo"	<>	U+130E	;
"go"	<>	U+130E	;
"ggi"	<>	U+130D	;
"gi"	<>	U+130D	;
"gg"	<>	U+130D	;
"g"	<>	U+130D	;
"TTaa"	<>	U+1323	;
"Taa"	<>	U+1323	;
"TTa"	<>	U+1320	;
"Ta"	<>	U+1320	;
"TTuu"	<>	U+1321	;
"Tuu"	<>	U+1321	;
"TTu"	<>	U+1321	;
"Tu"	<>	U+1321	;
"TTii"	<>	U+1322	;
"Tii"	<>	U+1322	;
"TTee"	<>	U+1324	;
"Tee"	<>	U+1324	;
"TTe"	<>	U+1324	;
"Te"	<>	U+1324	;
"TToo"	<>	U+1326	;
"Too"	<>	U+1326	;
"TTo"	<>	U+1326	;
"To"	<>	U+1326	;
"TTi"	<>	U+1325	;
"Ti"	<>	U+1325	;
"TT"	<>	U+1325	;
"T"	<>	U+1325	;
"CCaa"	<>	U+132B	;
"Caa"	<>	U+132B	;
"CCa"	<>	U+1328	;
"Ca"	<>	U+1328	;
"CCuu"	<>	U+1329	;
"Cuu"	<>	U+1329	;
"CCu"	<>	U+1329	;
"Cu"	<>	U+1329	;
"CCii"	<>	U+132A	;
"Cii"	<>	U+132A	;
"CCee"	<>	U+132C	;
"Cee"	<>	U+132C	;
"CCe"	<>	U+132C	;
"Ce"	<>	U+132C	;
"CCoo"	<>	U+132E	;
"Coo"	<>	U+132E	;
"CCo"	<>	U+132E	;
"Co"	<>	U+132E	;
"CCi"	<>	U+132D	;
"Ci"	<>	U+132D	;
"CC"	<>	U+132D	;
"C"	<>	U+132D	;
"JJaa"	<>	U+132B	;
"Jaa"	<>	U+132B	;
"JJa"	<>	U+1328	;
"Ja"	<>	U+1328	;
"JJuu"	<>	U+1329	;
"Juu"	<>	U+1329	;
"JJu"	<>	U+1329	;
"Ju"	<>	U+1329	;
"JJii"	<>	U+132A	;
"Jii"	<>	U+132A	;
"JJee"	<>	U+132C	;
"Jee"	<>	U+132C	;
"JJe"	<>	U+132C	;
"Je"	<>	U+132C	;
"JJoo"	<>	U+132E	;
"Joo"	<>	U+132E	;
"JJo"	<>	U+132E	;
"Jo"	<>	U+132E	;
"JJi"	<>	U+132D	;
"Ji"	<>	U+132D	;
"JJ"	<>	U+132D	;
"J"	<>	U+132D	;
"jjaa"	<>	U+1303	;
"jaa"	<>	U+1303	;
"jja"	<>	U+1300	;
"ja"	<>	U+1300	;
"jjuu"	<>	U+1301	;
"juu"	<>	U+1301	;
"jju"	<>	U+1301	;
"ju"	<>	U+1301	;
"jjii"	<>	U+1302	;
"jii"	<>	U+1302	;
"jjee"	<>	U+1304	;
"jee"	<>	U+1304	;
"jje"	<>	U+1304	;
"je"	<>	U+1304	;
"jjoo"	<>	U+1306	;
"joo"	<>	U+1306	;
"jjo"	<>	U+1306	;
"jo"	<>	U+1306	;
"jji"	<>	U+1305	;
"ji"	<>	U+1305	;
"jj"	<>	U+1305	;
"j"	<>	U+1305	;
"PPaa"	<>	U+1333	;
"Paa"	<>	U+1333	;
"PPa"	<>	U+1330	;
"Pa"	<>	U+1330	;
"PPuu"	<>	U+1331	;
"Puu"	<>	U+1331	;
"PPu"	<>	U+1331	;
"Pu"	<>	U+1331	;
"PPii"	<>	U+1332	;
"Pii"	<>	U+1332	;
"PPee"	<>	U+1334	;
"Pee"	<>	U+1334	;
"PPe"	<>	U+1334	;
"Pe"	<>	U+1334	;
"PPoo"	<>	U+1336	;
"Poo"	<>	U+1336	;
"PPo"	<>	U+1336	;
"Po"	<>	U+1336	;
"PPi"	<>	U+1335	;
"Pi"	<>	U+1335	;
"PP"	<>	U+1335	;
"P"	<>	U+1335	;
"bbaa"	<>	U+1263	;
"baa"	<>	U+1263	;
"ba"	<>	U+1260	;
"bba"	<>	U+1260	;
"bbuu"	<>	U+1261	;
"buu"	<>	U+1261	;
"bbu"	<>	U+1261	;
"bu"	<>	U+1261	;
"bii"	<>	U+1262	;
"bbii"	<>	U+1262	;
"bbee"	<>	U+1264	;
"bee"	<>	U+1264	;
"bbe"	<>	U+1264	;
"be"	<>	U+1264	;
"bboo"	<>	U+1266	;
"boo"	<>	U+1266	;
"bbo"	<>	U+1266	;
"bo"	<>	U+1266	;
"bbi"	<>	U+1265	;
"bi"	<>	U+1265	;
"bb"	<>	U+1265	;
"b"	<>	U+1265	;
"ffaa"	<>	U+134B	;
"faa"	<>	U+134B	;
"ffa"	<>	U+1348	;
"fa"	<>	U+1348	;
"ffuu"	<>	U+1349	;
"fuu"	<>	U+1349	;
"ffu"	<>	U+1349	;
"fu"	<>	U+1349	;
"ffii"	<>	U+134A	;
"fii"	<>	U+134A	;
"ffee"	<>	U+134C	;
"fee"	<>	U+134C	;
"ffe"	<>	U+134C	;
"fe"	<>	U+134C	;
"ffoo"	<>	U+134E	;
"foo"	<>	U+134E	;
"ffo"	<>	U+134E	;
"fo"	<>	U+134E	;
"ffi"	<>	U+134D	;
"fi"	<>	U+134D	;
"ff"	<>	U+134D	;
"f"	<>	U+134D	;
"ppaa"	<>	U+1353	;
"paa"	<>	U+1353	;
"ppa"	<>	U+1350	;
"pa"	<>	U+1350	;
"ppuu"	<>	U+1351	;
"puu"	<>	U+1351	;
"ppu"	<>	U+1351	;
"pu"	<>	U+1351	;
"ppii"	<>	U+1352	;
"pii"	<>	U+1352	;
"ppee"	<>	U+1354	;
"pee"	<>	U+1354	;
"ppe"	<>	U+1354	;
"pe"	<>	U+1354	;
"ppoo"	<>	U+1356	;
"poo"	<>	U+1356	;
"ppo"	<>	U+1356	;
"po"	<>	U+1356	;
"ppi"	<>	U+1355	;
"pi"	<>	U+1355	;
"pp"	<>	U+1355	;
"p"	<>	U+1355	;
"^s^saa"	<>	U+1223	;
"^saa"	<>	U+1223	;
"^s^sa"	<>	U+1220	;
"^sa"	<>	U+1220	;
"^s^suu"	<>	U+1221	;
"^suu"	<>	U+1221	;
"^s^su"	<>	U+1221	;
"^su"	<>	U+1221	;
"^s^sii"	<>	U+1222	;
"^sii"	<>	U+1222	;
"^s^see"	<>	U+1224	;
"^see"	<>	U+1224	;
"^s^se"	<>	U+1224	;
"^se"	<>	U+1224	;
"^s^soo"	<>	U+1226	;
"^soo"	<>	U+1226	;
"^s^so"	<>	U+1226	;
"^so"	<>	U+1226	;
"^s^si"	<>	U+1225	;
"^si"	<>	U+1225	;
"^s^s"	<>	U+1225	;
"^s"	<>	U+1225	;
"ttaa"	<>	U+1273	;
"taa"	<>	U+1273	;
"tta"	<>	U+1270	;
"ta"	<>	U+1270	;
"ttuu"	<>	U+1271	;
"tuu"	<>	U+1271	;
"ttu"	<>	U+1271	;
"tu"	<>	U+1271	;
"ttii"	<>	U+1272	;
"tii"	<>	U+1272	;
"ttee"	<>	U+1274	;
"tee"	<>	U+1274	;
"tte"	<>	U+1274	;
"te"	<>	U+1274	;
"ttoo"	<>	U+1276	;
"too"	<>	U+1276	;
"tto"	<>	U+1276	;
"to"	<>	U+1276	;
"tti"	<>	U+1275	;
"ti"	<>	U+1275	;
"tt"	<>	U+1275	;
"t"	<>	U+1275	;
"saa"	<>	U+1233	;
"ssaa"	<>	U+1233	;
"ssa"	<>	U+1230	;
"sa"	<>	U+1230	;
"ssuu"	<>	U+1231	;
"suu"	<>	U+1231	;
"ssu"	<>	U+1231	;
"su"	<>	U+1231	;
"ssii"	<>	U+1232	;
"sii"	<>	U+1232	;
"ssee"	<>	U+1234	;
"see"	<>	U+1234	;
"sse"	<>	U+1234	;
"se"	<>	U+1234	;
"ssoo"	<>	U+1236	;
"soo"	<>	U+1236	;
"sso"	<>	U+1236	;
"so"	<>	U+1236	;
"ssi"	<>	U+1235	;
"si"	<>	U+1235	;
"ss"	<>	U+1235	;
"s"	<>	U+1235	;
"aa"	<>	U+12A3	;
"a"	<>	U+12A0	;
"uu"	<>	U+12A1	;
"u"	<>	U+12A1	;
"ii"	<>	U+12A2	;
"ee"	<>	U+12A4	;
"e"	<>	U+12A4	;
"oo"	<>	U+12A6	;
"o"	<>	U+12A6	;
"i"	<>	U+12A5	;

