; This file was edited using TECkitMappingEditorU.exe v3.1.0.0 on 11/29/2017.
;   Conversion Type = Unicode_to_from_Unicode
;   Left-hand side font = Fixedsys Excelsior;11.25
;   Right-hand side font = Fixedsys Excelsior;11.25

Name                  "PUAFixedsysExcelsiorNKo"
Description           "Fixedsys Excelsior initial, isolated and medial N'Ko letters"
Version               "3.023"
Contact               "mailto:valentinium@gmail.com"
RegistrationAuthority "Fixedsys Excelsior"
RegistrationName      "PUAFixedsysExcelsiorNKoToUnicode"

pass(Unicode)

U+E470 <> U+07CA ; a (via OpenType GS (using the init feature)
U+E471 <> U+07CB ; ee (via OpenType GS (using the init feature)
U+E472 <> U+07CC ; i (via OpenType GS (using the init feature)
U+E473 <> U+07CD ; e (via OpenType GS (using the init feature)
U+E474 <> U+07CE ; u (via OpenType GS (using the init feature)
U+E475 <> U+07CF ; oo (via OpenType GS (using the init feature)
U+E476 <> U+07D0 ; o (via OpenType GS (using the init feature)
U+E477 <> U+07D1 ; dagbasinna (via OpenType GS (using the init feature)
U+E478 <> U+07D2 ; n (via OpenType GS (using the init feature)
U+E479 <> U+07D3 ; ba (via OpenType GS (using the init feature)
U+E47A <> U+07D4 ; pa (via OpenType GS (using the init feature)
U+E47B <> U+07D5 ; ta (via OpenType GS (using the init feature)
U+E47C <> U+07D6 ; ja (via OpenType GS (using the init feature)
U+E47D <> U+07D7 ; cha (via OpenType GS (using the init feature)
U+E47E <> U+07D8 ; da (via OpenType GS (using the init feature)
U+E47F <> U+07D9 ; ra (via OpenType GS (using the init feature)
U+E480 <> U+07DA ; rra (via OpenType GS (using the init feature)
U+E481 <> U+07DB ; sa (via OpenType GS (using the init feature)
U+E482 <> U+07DC ; gba (via OpenType GS (using the init feature)
U+E483 <> U+07DD ; fa (via OpenType GS (using the init feature)
U+E484 <> U+07DE ; ka (via OpenType GS (using the init feature)
U+E485 <> U+07DF ; la (via OpenType GS (using the init feature)
U+E486 <> U+07E0 ; na (via OpenType GS (using the init feature)
U+E487 <> U+07E1 ; na woloso (via OpenType GS (using the init feature)
U+E488 <> U+07E2 ; ma (via OpenType GS (using the init feature)
U+E489 <> U+07E3 ; nya (via OpenType GS (using the init feature)
U+E48A <> U+07E4 ; na (via OpenType GS (using the init feature)
U+E48B <> U+07E5 ; ha (via OpenType GS (using the init feature)
U+E48C <> U+07E6 ; wa (via OpenType GS (using the init feature)
U+E48D <> U+07E7 ; ya (via OpenType GS (using the init feature)
U+E490 <> U+07CA ; a (via OpenType GS (using the fina feature)
U+E491 <> U+07CB ; ee (via OpenType GS (using the fina feature)
U+E492 <> U+07CC ; i (via OpenType GS (using the fina feature)
U+E493 <> U+07CD ; e (via OpenType GS (using the fina feature)
U+E494 <> U+07CE ; u (via OpenType GS (using the fina feature)
U+E495 <> U+07CF ; oo (via OpenType GS (using the fina feature)
U+E496 <> U+07D0 ; o (via OpenType GS (using the fina feature)
U+E497 <> U+07D1 ; dagbasinna (via OpenType GS (using the fina feature)
U+E498 <> U+07D2 ; n (via OpenType GS (using the fina feature)
U+E499 <> U+07D3 ; ba (via OpenType GS (using the fina feature)
U+E49A <> U+07D4 ; pa (via OpenType GS (using the fina feature)
U+E49B <> U+07D5 ; ta (via OpenType GS (using the fina feature)
U+E49C <> U+07D6 ; ja (via OpenType GS (using the fina feature)
U+E49D <> U+07D7 ; cha (via OpenType GS (using the fina feature)
U+E49E <> U+07D8 ; da (via OpenType GS (using the fina feature)
U+E49F <> U+07D9 ; ra (via OpenType GS (using the fina feature)
U+E4A0 <> U+07DA ; rra (via OpenType GS (using the fina feature)
U+E4A1 <> U+07DB ; sa (via OpenType GS (using the fina feature)
U+E4A2 <> U+07DC ; gba (via OpenType GS (using the fina feature)
U+E4A3 <> U+07DD ; fa (via OpenType GS (using the fina feature)
U+E4A4 <> U+07DE ; ka (via OpenType GS (using the fina feature)
U+E4A5 <> U+07DF ; la (via OpenType GS (using the fina feature)
U+E4A6 <> U+07E0 ; na (via OpenType GS (using the fina feature)
U+E4A7 <> U+07E1 ; na woloso (via OpenType GS (using the fina feature)
U+E4A8 <> U+07E2 ; ma (via OpenType GS (using the fina feature)
U+E4A9 <> U+07E3 ; nya (via OpenType GS (using the fina feature)
U+E4AA <> U+07E4 ; na (via OpenType GS (using the fina feature)
U+E4AB <> U+07E5 ; ha (via OpenType GS (using the fina feature)
U+E4AC <> U+07E6 ; wa (via OpenType GS (using the fina feature)
U+E4AD <> U+07E7 ; ya (via OpenType GS (using the fina feature)
U+E4B0 <> U+07CA ; a (via OpenType GS (using the medi feature)
U+E4B1 <> U+07CB ; ee (via OpenType GS (using the medi feature)
U+E4B2 <> U+07CC ; i (via OpenType GS (using the medi feature)
U+E4B3 <> U+07CD ; e (via OpenType GS (using the medi feature)
U+E4B4 <> U+07CE ; u (via OpenType GS (using the medi feature)
U+E4B5 <> U+07CF ; oo (via OpenType GS (using the medi feature)
U+E4B6 <> U+07D0 ; o (via OpenType GS (using the medi feature)
U+E4B7 <> U+07D1 ; dagbasinna (via OpenType GS (using the medi feature)
U+E478 <> U+07D2 ; n (via OpenType GS (using the medi feature)
U+E4B9 <> U+07D3 ; ba (via OpenType GS (using the medi feature)
U+E4BA <> U+07D4 ; pa (via OpenType GS (using the medi feature)
U+E4BB <> U+07D5 ; ta (via OpenType GS (using the medi feature)
U+E4BC <> U+07D6 ; ja (via OpenType GS (using the medi feature)
U+E4BD <> U+07D7 ; cha (via OpenType GS (using the medi feature)
U+E4BE <> U+07D8 ; da (via OpenType GS (using the medi feature)
U+E4BF <> U+07D9 ; ra (via OpenType GS (using the medi feature)
U+E4C0 <> U+07DA ; rra (via OpenType GS (using the medi feature)
U+E4C1 <> U+07DB ; sa (via OpenType GS (using the medi feature)
U+E4C2 <> U+07DC ; gba (via OpenType GS (using the medi feature)
U+E4C3 <> U+07DD ; fa (via OpenType GS (using the medi feature)
U+E4C4 <> U+07DE ; ka (via OpenType GS (using the medi feature)
U+E4C5 <> U+07DF ; la (via OpenType GS (using the medi feature)
U+E4C6 <> U+07E0 ; na (via OpenType GS (using the medi feature)
U+E4C7 <> U+07E1 ; na woloso (via OpenType GS (using the medi feature)
U+E4C8 <> U+07E2 ; ma (via OpenType GS (using the medi feature)
U+E4C9 <> U+07E3 ; nya (via OpenType GS (using the medi feature)
U+E4CA <> U+07E4 ; na (via OpenType GS (using the medi feature)
U+E4CB <> U+07E5 ; ha (via OpenType GS (using the medi feature)
U+E4CC <> U+07E6 ; wa (via OpenType GS (using the medi feature)
U+E4CD <> U+07E7 ; ya (via OpenType GS (using the medi feature)
