; This file was edited using TECkitMappingEditorU.exe v3.1.0.0 on 11/29/2017.
;   Conversion Type = Unicode_to_from_Unicode
;   Left-hand side font = Fixedsys Excelsior;11.25
;   Right-hand side font = Fixedsys Excelsior;11.25

Name                  "PUAFixedsysExcelsiorTamil"
Description           "Fixedsys Excelsior Tamil letters with PUA values"
Version               "3.023"
Contact               "mailto:valentinium@gmail.com"
RegistrationAuthority "Fixedsys Excelsior"
RegistrationName      "PUAFixedsysExcelsiorTamilToUnicode"

pass(Unicode)

U+F671 <> U+0B9E U+0BCD ; via OpenType GS (using the haln or half features)
U+F672 <> U+0BA3 U+0BCD ; via OpenType GS (using the haln or half features)
U+F673 <> U+0B95 U+0BCD U+0BB7 ; via OpenType GS (using the akhn feature)
U+F674 <> U+0B95 U+0BCD ; via OpenType GS (using the haln or half features)
U+F675 <> U+0BA4 U+0BCD ; via OpenType GS (using the haln or half features)
U+F676 <> U+0BA8 U+0BCD ; via OpenType GS (using the haln or half features)
U+F677 <> U+0BA9 U+0BCD ; via OpenType GS (using the haln or half features)
U+F678 <> U+0BAE U+0BCD ; via OpenType GS (using the haln or half features)
U+F679 <> U+0BAF U+0BCD ; via OpenType GS (using the haln or half features)
U+F67A <> U+0BB0 U+0BCD ; via OpenType GS (using the haln or half features)
U+F67B <> U+0BB1 U+0BCD ; via OpenType GS (using the haln or half features)
U+F67C <> U+0BA3 U+0BBF ; via OpenType GS (using the psts feature)
U+F67D <> U+0B9F U+0BBF ; via OpenType GS (using the psts feature)
U+F67E <> U+0B9E U+0BBF ; via OpenType GS (using the psts feature)
U+F67F <> U+0B9F U+0BCD ; via OpenType GS (using the haln or half features)
U+F680 <> U+0B9A U+0BBF ; via OpenType GS (using the psts feature)
U+F681 <> U+0B99 U+0BBF ; via OpenType GS (using the psts feature)
U+F682 <> U+0B95 U+0BBF ; via OpenType GS (using the psts feature)
U+F683 <> U+0B95 U+0BCD U+0BB7 U+0BCD ; via OpenType GS (using the haln or half features)
U+F684 <> U+0BB9 U+0BCD ; via OpenType GS (using the haln or half features)
U+F685 <> U+0BB8 U+0BCD ; via OpenType GS (using the haln or half features)
U+F686 <> U+0BB7 U+0BCD ; via OpenType GS (using the haln or half features)
U+F687 <> U+0BB6 U+0BCD ; via OpenType GS (using the haln or half features)
U+F688 <> U+0B9C U+0BBF ; via OpenType GS (using the psts feature)
U+F689 <> U+0BB5 U+0BCD ; via OpenType GS (using the haln or half features)
U+F68A <> U+0BB4 U+0BCD ; via OpenType GS (using the haln or half features)
U+F68B <> U+0BB3 U+0BCD ; via OpenType GS (using the haln or half features)
U+F68C <> U+0B9C U+0BCD ; via OpenType GS (using the haln or half features)
U+F68D <> U+0B9A U+0BCD ; via OpenType GS (using the haln or half features)
U+F68E <> U+0B99 U+0BCD ; via OpenType GS (using the haln or half features)
U+F68F <> U+0BB2 U+0BCD ; via OpenType GS (using the haln or half features)
U+F690 <> U+0BA4 U+0BC2 ; via OpenType GS (using the psts feature)
U+F691 <> U+0BA4 U+0BBF ; via OpenType GS (using the psts feature)
U+F692 <> U+0BA8 U+0BBF ; via OpenType GS (using the psts feature)
U+F693 <> U+0BA9 U+0BBF ; via OpenType GS (using the psts feature)
U+F694 <> U+0BAA U+0BBF ; via OpenType GS (using the psts feature)
U+F695 <> U+0BAE U+0BBF ; via OpenType GS (using the psts feature)
U+F696 <> U+0BAF U+0BBF ; via OpenType GS (using the psts feature)
U+F697 <> U+0BB0 U+0BBF ; via OpenType GS (using the psts feature)
U+F698 <> U+0BB1 U+0BBF ; via OpenType GS (using the psts feature)
U+F699 <> U+0BB2 U+0BBF ; via OpenType GS (using the psts feature)
U+F69A <> U+0BB3 U+0BBF ; via OpenType GS (using the psts feature)
U+F69B <> U+0BB4 U+0BBF ; via OpenType GS (using the psts feature)
U+F69C <> U+0BB5 U+0BBF ; via OpenType GS (using the psts feature)
U+F69D <> U+0BB6 U+0BBF ; via OpenType GS (using the psts feature)
U+F69E <> U+0BB7 U+0BBF ; via OpenType GS (using the psts feature)
U+F69F <> U+0BB8 U+0BBF ; via OpenType GS (using the psts feature)
U+F6A0 <> U+0BB9 U+0BBF ; via OpenType GS (using the psts feature)
U+F6A1 <> U+0B95 U+0BCD U+0BB7 U+0BBF ; via OpenType GS (using the psts feature)
U+F6A2 <> U+0B95 U+0BC0 ; via OpenType GS (using the abvs feature)
U+F6A3 <> U+0B99 U+0BC0 ; via OpenType GS (using the abvs feature)
U+F6A4 <> U+0B9A U+0BC0 ; via OpenType GS (using the abvs feature)
U+F6A5 <> U+0B9C U+0BC0 ; via OpenType GS (using the abvs feature)
U+F6A6 <> U+0B9E U+0BC0 ; via OpenType GS (using the abvs feature)
U+F6A7 <> U+0B9F U+0BC0 ; via OpenType GS (using the abvs feature)
U+F6A8 <> U+0BA3 U+0BC0 ; via OpenType GS (using the abvs feature)
U+F6A9 <> U+0BA4 U+0BC0 ; via OpenType GS (using the abvs feature)
U+F6AA <> U+0BA8 U+0BC0 ; via OpenType GS (using the abvs feature)
U+F6AB <> U+0BA9 U+0BC0 ; via OpenType GS (using the abvs feature)
U+F6AC <> U+0BAA U+0BC0 ; via OpenType GS (using the abvs feature)
U+F6AD <> U+0BAE U+0BC0 ; via OpenType GS (using the abvs feature)
U+F6AE <> U+0BAF U+0BC0 ; via OpenType GS (using the abvs feature)
U+F6AF <> U+0BB0 U+0BC0 ; via OpenType GS (using the abvs feature)
U+F6B0 <> U+0BB1 U+0BC0 ; via OpenType GS (using the abvs feature)
U+F6B1 <> U+0BB2 U+0BC0 ; via OpenType GS (using the abvs feature)
U+F6B2 <> U+0BB3 U+0BC0 ; via OpenType GS (using the abvs feature)
U+F6B3 <> U+0BB4 U+0BC0 ; via OpenType GS (using the abvs feature)
U+F6B4 <> U+0BB5 U+0BC0 ; via OpenType GS (using the abvs feature)
U+F6B5 <> U+0BB6 U+0BC0 ; via OpenType GS (using the abvs feature)
U+F6B6 <> U+0BB7 U+0BC0 ; via OpenType GS (using the abvs feature)
U+F6B7 <> U+0BB8 U+0BC0 ; via OpenType GS (using the abvs feature)
U+F6B8 <> U+0BB9 U+0BC0 ; via OpenType GS (using the abvs feature)
U+F6B9 <> U+0B95 U+0BCD U+0BB7 U+0BC0 ; via OpenType GS (using the abvs feature)
U+F6BA <> U+0B95 U+0BC1 ; via OpenType GS (using the psts feature)
U+F6BB <> U+0B99 U+0BC1 ; via OpenType GS (using the psts feature)
U+F6BC <> U+0B9A U+0BC1 ; via OpenType GS (using the psts feature)
U+F6BD <> U+0B9C U+0BC1 ; via OpenType GS (using the psts feature)
U+F6BE <> U+0B9E U+0BC1 ; via OpenType GS (using the psts feature)
U+F6BF <> U+0B9F U+0BC1 ; via OpenType GS (using the psts feature)
U+F6C0 <> U+0BA3 U+0BC1 ; via OpenType GS (using the psts feature)
U+F6C1 <> U+0BA4 U+0BC1 ; via OpenType GS (using the psts feature)
U+F6C2 <> U+0BA8 U+0BC1 ; via OpenType GS (using the psts feature)
U+F6C3 <> U+0BA9 U+0BC1 ; via OpenType GS (using the psts feature)
U+F6C4 <> U+0BAA U+0BC1 ; via OpenType GS (using the psts feature)
U+F6C5 <> U+0BAE U+0BC1 ; via OpenType GS (using the psts feature)
U+F6C6 <> U+0BAF U+0BC1 ; via OpenType GS (using the psts feature)
U+F6C7 <> U+0BB0 U+0BC1 ; via OpenType GS (using the psts feature)
U+F6C8 <> U+0BB1 U+0BC1 ; via OpenType GS (using the psts feature)
U+F6C9 <> U+0BB2 U+0BC1 ; via OpenType GS (using the psts feature)
U+F6CA <> U+0BB3 U+0BC1 ; via OpenType GS (using the psts feature)
U+F6CC <> U+0BB4 U+0BC1 ; via OpenType GS (using the psts feature)
U+F6CD <> U+0BB5 U+0BC1 ; via OpenType GS (using the psts feature)
U+F6CE <> U+0BB6 U+0BC1 ; via OpenType GS (using the psts feature)
U+F6CF <> U+0BB7 U+0BC1 ; via OpenType GS (using the psts feature)
U+F6D0 <> U+0BB8 U+0BC1 ; via OpenType GS (using the psts feature)
U+F6D1 <> U+0BB9 U+0BC1 ; via OpenType GS (using the psts feature)
U+F6D2 <> U+0B95 U+0BCD U+0BB7 U+0BC1 ; via OpenType GS (using the psts feature)
U+F6D3 <> U+0B95 U+0BC2 ; via OpenType GS (using the psts feature)
U+F6D4 <> U+0B99 U+0BC2 ; via OpenType GS (using the psts feature)
U+F6D5 <> U+0B9A U+0BC2 ; via OpenType GS (using the psts feature)
U+F6D6 <> U+0BB6 U+0BCD U+0BB0 U+0BC0 ; via OpenType GS (using the abvs feature)
U+F6D7 <> U+0B9C U+0BC2 ; via OpenType GS (using the psts feature)
U+F6D8 <> U+0B9E U+0BC2 ; via OpenType GS (using the psts feature)
U+F6D9 <> U+0B9F U+0BC2 ; via OpenType GS (using the psts feature)
U+F6DA <> U+0BA3 U+0BC2 ; via OpenType GS (using the psts feature)
U+F6DF <> U+0B95 U+0BCD U+0BB7 U+0BC2 ; via OpenType GS (using the psts feature)
U+F6E0 <> U+0BB9 U+0BC2 ; via OpenType GS (using the psts feature)
U+F6E1 <> U+0BB8 U+0BC2 ; via OpenType GS (using the psts feature)
U+F6E2 <> U+0BB7 U+0BC2 ; via OpenType GS (using the psts feature)
U+F6E3 <> U+0BB6 U+0BC2 ; via OpenType GS (using the psts feature)
U+F6E4 <> U+0BB5 U+0BC2 ; via OpenType GS (using the psts feature)
U+F6E5 <> U+0BB4 U+0BC2 ; via OpenType GS (using the psts feature)
U+F6E6 <> U+0BB3 U+0BC2 ; via OpenType GS (using the psts feature)
U+F6E7 <> U+0BB2 U+0BC2 ; via OpenType GS (using the psts feature)
U+F6E8 <> U+0BB1 U+0BC2 ; via OpenType GS (using the psts feature)
U+F6E9 <> U+0BB0 U+0BC2 ; via OpenType GS (using the psts feature)
U+F6EA <> U+0BAF U+0BC2 ; via OpenType GS (using the psts feature)
U+F6EB <> U+0BAE U+0BC2 ; via OpenType GS (using the psts feature)
U+F6EC <> U+0BAA U+0BC2 ; via OpenType GS (using the psts feature)
U+F6ED <> U+0BA9 U+0BC2 ; via OpenType GS (using the psts feature)
U+F6EE <> U+0BA8 U+0BC2 ; via OpenType GS (using the psts feature)
U+F6EF <> U+0BAA U+0BCD ; via OpenType GS (using the haln or half features)
