;Symbol.map
;Copyright (c) 2004 SIL International.

EncodingName		"SIL-Symbol-2004"
DescriptiveName	"Symbol font"

; Provides a mapping for the "Symbol" font built into Adobe printers 
; and now common to Apple and Microsoft platforms.
; Derived from http://www.unicode.org/Public/MAPPINGS/VENDORS/APPLE/SYMBOL.TXT,
; version b4,c1 2002-Dec-19, but with the following modification:
;	Mapping for 0xBD altered to use the U+23D0 introduced in Unicode 4

Version		"1.0"
Contact		"mailto:wstech@sil.org"
RegistrationAuthority	"SIL International"
RegistrationName		"Symbol"

ByteDefault		'?'
UniDefault		replacement_character

0x20  <>  U+0020	; SPACE
0x21  <>  U+0021	; EXCLAMATION MARK
0x22  <>  U+2200	; FOR ALL
0x23  <>  U+0023	; NUMBER SIGN
0x24  <>  U+2203	; THERE EXISTS
0x25  <>  U+0025	; PERCENT SIGN
0x26  <>  U+0026	; AMPERSAND
0x27  <>  U+220D	; SMALL CONTAINS AS MEMBER
0x28  <>  U+0028	; LEFT PARENTHESIS
0x29  <>  U+0029	; RIGHT PARENTHESIS
0x2A  <>  U+2217	; ASTERISK OPERATOR
0x2B  <>  U+002B	; PLUS SIGN
0x2C  <>  U+002C	; COMMA
0x2D  <>  U+2212	; MINUS SIGN
0x2E  <>  U+002E	; FULL STOP
0x2F  <>  U+002F	; SOLIDUS
0x30  <>  U+0030	; DIGIT ZERO
0x31  <>  U+0031	; DIGIT ONE
0x32  <>  U+0032	; DIGIT TWO
0x33  <>  U+0033	; DIGIT THREE
0x34  <>  U+0034	; DIGIT FOUR
0x35  <>  U+0035	; DIGIT FIVE
0x36  <>  U+0036	; DIGIT SIX
0x37  <>  U+0037	; DIGIT SEVEN
0x38  <>  U+0038	; DIGIT EIGHT
0x39  <>  U+0039	; DIGIT NINE
0x3A  <>  U+003A	; COLON
0x3B  <>  U+003B	; SEMICOLON
0x3C  <>  U+003C	; LESS-THAN SIGN
0x3D  <>  U+003D	; EQUALS SIGN
0x3E  <>  U+003E	; GREATER-THAN SIGN
0x3F  <>  U+003F	; QUESTION MARK
0x40  <>  U+2245	; APPROXIMATELY EQUAL TO
0x41  <>  U+0391	; GREEK CAPITAL LETTER ALPHA
0x42  <>  U+0392	; GREEK CAPITAL LETTER BETA
0x43  <>  U+03A7	; GREEK CAPITAL LETTER CHI
0x44  <>  U+0394	; GREEK CAPITAL LETTER DELTA
0x45  <>  U+0395	; GREEK CAPITAL LETTER EPSILON
0x46  <>  U+03A6	; GREEK CAPITAL LETTER PHI
0x47  <>  U+0393	; GREEK CAPITAL LETTER GAMMA
0x48  <>  U+0397	; GREEK CAPITAL LETTER ETA
0x49  <>  U+0399	; GREEK CAPITAL LETTER IOTA
0x4A  <>  U+03D1	; GREEK THETA SYMBOL
0x4B  <>  U+039A	; GREEK CAPITAL LETTER KAPPA
0x4C  <>  U+039B	; GREEK CAPITAL LETTER LAMDA
0x4D  <>  U+039C	; GREEK CAPITAL LETTER MU
0x4E  <>  U+039D	; GREEK CAPITAL LETTER NU
0x4F  <>  U+039F	; GREEK CAPITAL LETTER OMICRON
0x50  <>  U+03A0	; GREEK CAPITAL LETTER PI
0x51  <>  U+0398	; GREEK CAPITAL LETTER THETA
0x52  <>  U+03A1	; GREEK CAPITAL LETTER RHO
0x53  <>  U+03A3	; GREEK CAPITAL LETTER SIGMA
0x54  <>  U+03A4	; GREEK CAPITAL LETTER TAU
0x55  <>  U+03A5	; GREEK CAPITAL LETTER UPSILON
0x56  <>  U+03C2	; GREEK SMALL LETTER FINAL SIGMA
0x57  <>  U+03A9	; GREEK CAPITAL LETTER OMEGA
0x58  <>  U+039E	; GREEK CAPITAL LETTER XI
0x59  <>  U+03A8	; GREEK CAPITAL LETTER PSI
0x5A  <>  U+0396	; GREEK CAPITAL LETTER ZETA
0x5B  <>  U+005B	; LEFT SQUARE BRACKET
0x5C  <>  U+2234	; THEREFORE
0x5D  <>  U+005D	; RIGHT SQUARE BRACKET
0x5E  <>  U+22A5	; UP TACK
0x5F  <>  U+005F	; LOW LINE
0x60  <>  U+F8E5	; radical extender # corporate char
0x61  <>  U+03B1	; GREEK SMALL LETTER ALPHA
0x62  <>  U+03B2	; GREEK SMALL LETTER BETA
0x63  <>  U+03C7	; GREEK SMALL LETTER CHI
0x64  <>  U+03B4	; GREEK SMALL LETTER DELTA
0x65  <>  U+03B5	; GREEK SMALL LETTER EPSILON
0x66  <>  U+03C6	; GREEK SMALL LETTER PHI
0x67  <>  U+03B3	; GREEK SMALL LETTER GAMMA
0x68  <>  U+03B7	; GREEK SMALL LETTER ETA
0x69  <>  U+03B9	; GREEK SMALL LETTER IOTA
0x6A  <>  U+03D5	; GREEK PHI SYMBOL
0x6B  <>  U+03BA	; GREEK SMALL LETTER KAPPA
0x6C  <>  U+03BB	; GREEK SMALL LETTER LAMDA
0x6D  <>  U+03BC	; GREEK SMALL LETTER MU
0x6E  <>  U+03BD	; GREEK SMALL LETTER NU
0x6F  <>  U+03BF	; GREEK SMALL LETTER OMICRON
0x70  <>  U+03C0	; GREEK SMALL LETTER PI
0x71  <>  U+03B8	; GREEK SMALL LETTER THETA
0x72  <>  U+03C1	; GREEK SMALL LETTER RHO
0x73  <>  U+03C3	; GREEK SMALL LETTER SIGMA
0x74  <>  U+03C4	; GREEK SMALL LETTER TAU
0x75  <>  U+03C5	; GREEK SMALL LETTER UPSILON
0x76  <>  U+03D6	; GREEK PI SYMBOL
0x77  <>  U+03C9	; GREEK SMALL LETTER OMEGA
0x78  <>  U+03BE	; GREEK SMALL LETTER XI
0x79  <>  U+03C8	; GREEK SMALL LETTER PSI
0x7A  <>  U+03B6	; GREEK SMALL LETTER ZETA
0x7B  <>  U+007B	; LEFT CURLY BRACKET
0x7C  <>  U+007C	; VERTICAL LINE
0x7D  <>  U+007D	; RIGHT CURLY BRACKET
0x7E  <>  U+223C	; TILDE OPERATOR
0xA0  <>  U+20AC	; EURO SIGN
0xA1  <>  U+03D2	; GREEK UPSILON WITH HOOK SYMBOL
0xA2  <>  U+2032	; PRIME	# minute
0xA3  <>  U+2264	; LESS-THAN OR EQUAL TO
0xA4  <>  U+2044	; FRACTION SLASH
0xA5  <>  U+221E	; INFINITY
0xA6  <>  U+0192	; LATIN SMALL LETTER F WITH HOOK
0xA7  <>  U+2663	; BLACK CLUB SUIT
0xA8  <>  U+2666	; BLACK DIAMOND SUIT
0xA9  <>  U+2665	; BLACK HEART SUIT
0xAA  <>  U+2660	; BLACK SPADE SUIT
0xAB  <>  U+2194	; LEFT RIGHT ARROW
0xAC  <>  U+2190	; LEFTWARDS ARROW
0xAD  <>  U+2191	; UPWARDS ARROW
0xAE  <>  U+2192	; RIGHTWARDS ARROW
0xAF  <>  U+2193	; DOWNWARDS ARROW
0xB0  <>  U+00B0	; DEGREE SIGN
0xB1  <>  U+00B1	; PLUS-MINUS SIGN
0xB2  <>  U+2033	; DOUBLE PRIME	# second
0xB3  <>  U+2265	; GREATER-THAN OR EQUAL TO
0xB4  <>  U+00D7	; MULTIPLICATION SIGN
0xB5  <>  U+221D	; PROPORTIONAL TO
0xB6  <>  U+2202	; PARTIAL DIFFERENTIAL
0xB7  <>  U+2022	; BULLET
0xB8  <>  U+00F7	; DIVISION SIGN
0xB9  <>  U+2260	; NOT EQUAL TO
0xBA  <>  U+2261	; IDENTICAL TO
0xBB  <>  U+2248	; ALMOST EQUAL TO
0xBC  <>  U+2026	; HORIZONTAL ELLIPSIS
0xBD  <>  U+23D0	; VERTICAL LINE EXTENSION (for arrows) # for Unicode 4.0 and later
0xBE  <>  U+23AF	; HORIZONTAL LINE EXTENSION (for arrows) # for Unicode 3.2 and later
0xBF  <>  U+21B5	; DOWNWARDS ARROW WITH CORNER LEFTWARDS
0xC0  <>  U+2135	; ALEF SYMBOL
0xC1  <>  U+2111	; BLACK-LETTER CAPITAL I
0xC2  <>  U+211C	; BLACK-LETTER CAPITAL R
0xC3  <>  U+2118	; SCRIPT CAPITAL P
0xC4  <>  U+2297	; CIRCLED TIMES
0xC5  <>  U+2295	; CIRCLED PLUS
0xC6  <>  U+2205	; EMPTY SET
0xC7  <>  U+2229	; INTERSECTION
0xC8  <>  U+222A	; UNION
0xC9  <>  U+2283	; SUPERSET OF
0xCA  <>  U+2287	; SUPERSET OF OR EQUAL TO
0xCB  <>  U+2284	; NOT A SUBSET OF
0xCC  <>  U+2282	; SUBSET OF
0xCD  <>  U+2286	; SUBSET OF OR EQUAL TO
0xCE  <>  U+2208	; ELEMENT OF
0xCF  <>  U+2209	; NOT AN ELEMENT OF
0xD0  <>  U+2220	; ANGLE
0xD1  <>  U+2207	; NABLA
0xD2  <>  U+00AE	; REGISTERED SIGN # serif
0xD3  <>  U+00A9	; COPYRIGHT SIGN # serif
0xD4  <>  U+2122	; TRADE MARK SIGN # serif
0xD5  <>  U+220F	; N-ARY PRODUCT
0xD6  <>  U+221A	; SQUARE ROOT
0xD7  <>  U+22C5	; DOT OPERATOR
0xD8  <>  U+00AC	; NOT SIGN
0xD9  <>  U+2227	; LOGICAL AND
0xDA  <>  U+2228	; LOGICAL OR
0xDB  <>  U+21D4	; LEFT RIGHT DOUBLE ARROW
0xDC  <>  U+21D0	; LEFTWARDS DOUBLE ARROW
0xDD  <>  U+21D1	; UPWARDS DOUBLE ARROW
0xDE  <>  U+21D2	; RIGHTWARDS DOUBLE ARROW
0xDF  <>  U+21D3	; DOWNWARDS DOUBLE ARROW
0xE0  <>  U+22C4	; DIAMOND OPERATOR
0xE1  <>  U+3008	; LEFT ANGLE BRACKET
0xE2  <>  U+00AE U+F87F	; REGISTERED SIGN, alternate: sans serif
0xE3  <>  U+00A9 U+F87F	; COPYRIGHT SIGN, alternate: sans serif
0xE4  <>  U+2122 U+F87F	; TRADE MARK SIGN, alternate: sans serif
0xE5  <>  U+2211	; N-ARY SUMMATION
0xE6  <>  U+239B	; LEFT PARENTHESIS UPPER HOOK # for Unicode 3.2 and later
0xE7  <>  U+239C	; LEFT PARENTHESIS EXTENSION # for Unicode 3.2 and later
0xE8  <>  U+239D	; LEFT PARENTHESIS LOWER HOOK # for Unicode 3.2 and later
0xE9  <>  U+23A1	; LEFT SQUARE BRACKET UPPER CORNER # for Unicode 3.2 and later
0xEA  <>  U+23A2	; LEFT SQUARE BRACKET EXTENSION # for Unicode 3.2 and later
0xEB  <>  U+23A3	; LEFT SQUARE BRACKET LOWER CORNER # for Unicode 3.2 and later
0xEC  <>  U+23A7	; LEFT CURLY BRACKET UPPER HOOK # for Unicode 3.2 and later
0xED  <>  U+23A8	; LEFT CURLY BRACKET MIDDLE PIECE # for Unicode 3.2 and later
0xEE  <>  U+23A9	; LEFT CURLY BRACKET LOWER HOOK # for Unicode 3.2 and later
0xEF  <>  U+23AA	; CURLY BRACKET EXTENSION # for Unicode 3.2 and later
0xF0  <>  U+F8FF	; Apple logo
0xF1  <>  U+3009	; RIGHT ANGLE BRACKET
0xF2  <>  U+222B	; INTEGRAL
0xF3  <>  U+2320	; TOP HALF INTEGRAL
0xF4  <>  U+23AE	; INTEGRAL EXTENSION # for Unicode 3.2 and later
0xF5  <>  U+2321	; BOTTOM HALF INTEGRAL
0xF6  <>  U+239E	; RIGHT PARENTHESIS UPPER HOOK # for Unicode 3.2 and later
0xF7  <>  U+239F	; RIGHT PARENTHESIS EXTENSION # for Unicode 3.2 and later
0xF8  <>  U+23A0	; RIGHT PARENTHESIS LOWER HOOK # for Unicode 3.2 and later
0xF9  <>  U+23A4	; RIGHT SQUARE BRACKET UPPER CORNER # for Unicode 3.2 and later
0xFA  <>  U+23A5	; RIGHT SQUARE BRACKET EXTENSION # for Unicode 3.2 and later
0xFB  <>  U+23A6	; RIGHT SQUARE BRACKET LOWER CORNER # for Unicode 3.2 and later
0xFC  <>  U+23AB	; RIGHT CURLY BRACKET UPPER HOOK # for Unicode 3.2 and later
0xFD  <>  U+23AC	; RIGHT CURLY BRACKET MIDDLE PIECE # for Unicode 3.2 and later
0xFE  <>  U+23AD	; RIGHT CURLY BRACKET LOWER HOOK # for Unicode 3.2 and later
