DDIR.EXE
FILE.LST
AIDMDR.MAP
AMPHD3R.MAP
AMZWCR.MAP
BENBECR.MAP
BENBECR0.MAP
BENTONCR.MAP
CASADR.MAP
CHICCOCR.MAP
CHICCXCR.MAP
CHICLECR.MAP
CHINSTC0.MAP
CHNCCR0.MAP
CHNCCR1.MAP
CHNCDR1.MAP
CHNCHZC0.MAP
CHNCTLCR.MAP
CHNCUS58.MAP
CHNCUS5S.MAP
CONTROL3.MAP
HOOHODR.MAP
HUASTDDR.MAP
HURSDR.MAP
IPA93DR.MAP
LINDDR.MAP
LONZADR.MAP
MAZSTDDR.MAP
MEHCR.MAP
MEXAMU0.MAP
MEXC001.MAP
MEXCHF5S.MAP
MEXCTDR.MAP
MEXCTU68.MAP
MEXCUXCR.MAP
MEXHUS3.MAP
MEXHUVDR.MAP
MEXMAZCR.MAP
MEXMDR.MAP
MEXMECR0.MAP
MEXMIDR.MAP
MEXMXQCR.MAP
MEXMZCCR.MAP
MEXOTECR.MAP
MEXOTMDR.MAP
MEXOTODR.MAP
MEXPBSDR.MAP
MEXPOEDR.MAP
MEXPOICR.MAP
MEXSDR.MAP
MEXSTDDR.MAP
MEXSTDR.MAP
MEXTEPCR.MAP
MEXTSZCR.MAP
MEXZTCCR.MAP
MIXDADR.MAP
MIXHILCR.MAP
MIXMIDR.MAP
MIXMIGCR.MAP
MIXMISDR.MAP
MIXMIZDR.MAP
MIXMJCDR.MAP
MIXSTDD1.MAP
MIXT45DR.MAP
MIXTMJDR.MAP
MIXTST29.MAP
MIXTSTDR.MAP
MTCSTDMR.MAP
MTT3DR.MAP
MTTMTCR.MAP
MTTWDR.MAP
MXTMCR.MAP
MXTMCR~1.MAP
MXTMEHCR.MAP
MXTMILDR.MAP
MXTMIYCR.MAP
MXTTSTCR.MAP
NORTH3.MAP
OTNCR.MAP
OTO001.MAP
OTOOTDR.MAP
RUPPDR.MAP
SAYSADR.MAP
SCHMADR.MAP
SCHRAMDR.MAP
STEWARCR.MAP
XOMIXDR.MAP
ZAPSTDCR.MAP
ZAPWCR.MAP
ZAPZAIDR.MAP
ZAPZAS58.MAP
ZAPZDR.MAP
ZAPZPGCR.MAP
ZAPZPMDR.MAP
ZAPZPQDR.MAP
ZAPZTC0.MAP
ZOQUECR.MAP
AIDMDR.TEC
AMZWCR.TEC
ASAPDR.TEC
BENBECR.TEC
BENBECR0.TEC
BENTONCR.TEC
CASADR.TEC
CHICCOCR.TEC
CHICCXCR.TEC
CHICLECR.TEC
CHINSTC0.TEC
CHNCCR0.TEC
CHNCDR1.TEC
CHNCHZC0.TEC
CHNCTLCR.TEC
CHNCUS58.TEC
CHNCUS5S.TEC
CONTROL3.TEC
DAVIDR.TEC
HOOHODR.TEC
HUASTDDR.TEC
HURSDR.TEC
IPASDR.TEC
LINDDR.TEC
LONZADR.TEC
MAZSTDDR.TEC
MEHCR.TEC
MEXAMU0.TEC
MEXC001.TEC
MEXCHF5S.TEC
MEXCTDR.TEC
MEXCTU68.TEC
MEXCUXCR.TEC
MEXHUS3.TEC
MEXHUVDR.TEC
MEXMAZCR.TEC
MEXMDR.TEC
MEXMECR0.TEC
MEXMIDR.TEC
MEXMXQCR.TEC
MEXMZCCR.TEC
MEXOTECR.TEC
MEXOTODR.TEC
MEXPBSDR.TEC
MEXPOEDR.TEC
MEXPOICR.TEC
MEXSDR.TEC
MEXSTDDR.TEC
MEXSTDR.TEC
MEXTEPCR.TEC
MEXTSZCR.TEC
MEXZTCCR.TEC
MIXDADR.TEC
MIXHILCR.TEC
MIXMIDR.TEC
MIXMIGCR.TEC
MIXMISDR.TEC
MIXMIZDR.TEC
MIXMJCDR.TEC
MIXSTDD1.TEC
MIXT45DR.TEC
MIXTMJDR.TEC
MIXTST29.TEC
MIXTSTDR.TEC
MTT3DR.TEC
MTTMTCR.TEC
MTTWDR.TEC
MXTMCR.TEC
MXTMEHCR.TEC
MXTMILDR.TEC
MXTMIYCR.TEC
MXTTSTCR.TEC
NORTH3.TEC
OTNCR.TEC
OTO001.TEC
OTOOTDR.TEC
RUPPDR.TEC
SAYSADR.TEC
SCHMADR.TEC
SCHRAMDR.TEC
STEWARCR.TEC
XOMIXDR.TEC
ZAPSTDCR.TEC
ZAPWCR.TEC
ZAPZAIDR.TEC
ZAPZAS58.TEC
ZAPZDR.TEC
ZAPZPGCR.TEC
ZAPZPMDR.TEC
ZAPZPQDR.TEC
ZAPZTC0.TEC
ZOQUECR.TEC
